gpu-split: budget=15.69GB fixed=0.69GB G=40/40 full=1 used=2.50GB
gpu: CUDA backend on NVIDIA RTX PRO 6000 Blackwell Max-Q Workstation Edition MIG 1g.24gb (2.1 GB weights in VRAM)
gpu: VRAM 13.50 GB free of 25.37 GB after init (kv 0.02 GB + scratch 0.01 GB this instance)
gpu-split: budget=15.69GB fixed=0.69GB G=40/40 full=1 used=2.50GB
gpu: CUDA backend on NVIDIA RTX PRO 6000 Blackwell Max-Q Workstation Edition MIG 1g.24gb (2.1 GB weights in VRAM)
gpu: VRAM 13.50 GB free of 25.37 GB after init (kv 0.02 GB + scratch 0.01 GB this instance)
gpu-split: budget=15.69GB fixed=0.69GB G=40/40 full=1 used=2.50GB
gpu: CUDA backend on NVIDIA RTX PRO 6000 Blackwell Max-Q Workstation Edition MIG 1g.24gb (2.1 GB weights in VRAM)
gpu: VRAM 13.50 GB free of 25.37 GB after init (kv 0.02 GB + scratch 0.01 GB this instance)
gpu-split: budget=15.69GB fixed=0.73GB G=40/40 full=1 used=2.86GB
gpu: CUDA backend on NVIDIA RTX PRO 6000 Blackwell Max-Q Workstation Edition MIG 1g.24gb (2.1 GB weights in VRAM)
gpu: VRAM 13.14 GB free of 25.37 GB after init (kv 0.34 GB + scratch 0.05 GB this instance)
gpu-split: budget=15.69GB fixed=0.73GB G=40/40 full=1 used=2.86GB
gpu: CUDA backend on NVIDIA RTX PRO 6000 Blackwell Max-Q Workstation Edition MIG 1g.24gb (2.1 GB weights in VRAM)
gpu: VRAM 13.14 GB free of 25.37 GB after init (kv 0.34 GB + scratch 0.05 GB this instance)
tc-tol: /home/lab/workspace/models/granite-4.2/granite-4.2-3b-IQ4_NL.gguf | 192 tokens, 64 teacher-forced positions
  scalar-b64   TC dispatches: none
  scalar-b16   TC dispatches: none
  tc-b64       TC dispatches: IQ4_NL=470
  scalar-b16 vs scalar-b64 : mean|dlogit| 0.000000   (fp32 reassociation floor; context, not the gate)
  tc-b64     vs scalar-b64 : mean|dlogit| 0.001417 = 0.00005 of mean logit range 30.84 (limit 0.005)
  tc-b64     vs scalar-b64 : top1 diff 0/64 (0.0%, limit 5%), worst margin 0.0000 of range (limit 0.020)
  free-running   : 128 prompt tokens, 32 greedy tokens at batch 64 / ctx 4096 -> token-identical
tc-tol: ok
