gpu-split: budget=16.82GB fixed=0.54GB G=2/2 full=1 used=0.54GB
gpu: CUDA backend on NVIDIA RTX PRO 6000 Blackwell Max-Q Workstation Edition MIG 1g.24gb (0.0 GB weights in VRAM)
gpu: VRAM 16.82 GB free of 25.37 GB after init (kv 0.00 GB + scratch 0.00 GB this instance)
gpu-split: budget=16.82GB fixed=0.54GB G=2/2 full=1 used=0.54GB
gpu: CUDA backend on NVIDIA RTX PRO 6000 Blackwell Max-Q Workstation Edition MIG 1g.24gb (0.0 GB weights in VRAM)
gpu: VRAM 16.82 GB free of 25.37 GB after init (kv 0.00 GB + scratch 0.00 GB this instance)
gpu-split: budget=16.82GB fixed=0.54GB G=2/2 full=1 used=0.54GB
gpu: CUDA backend on NVIDIA RTX PRO 6000 Blackwell Max-Q Workstation Edition MIG 1g.24gb (0.0 GB weights in VRAM)
gpu: VRAM 16.82 GB free of 25.37 GB after init (kv 0.00 GB + scratch 0.00 GB this instance)
rope: requested ctx 4096 > training ctx 256 — applying YaRN x16.00
gpu-split: budget=16.82GB fixed=0.54GB G=2/2 full=1 used=0.55GB
gpu: CUDA backend on NVIDIA RTX PRO 6000 Blackwell Max-Q Workstation Edition MIG 1g.24gb (0.0 GB weights in VRAM)
gpu: VRAM 16.81 GB free of 25.37 GB after init (kv 0.00 GB + scratch 0.00 GB this instance)
rope: requested ctx 4096 > training ctx 256 — applying YaRN x16.00
gpu-split: budget=16.82GB fixed=0.54GB G=2/2 full=1 used=0.55GB
gpu: CUDA backend on NVIDIA RTX PRO 6000 Blackwell Max-Q Workstation Edition MIG 1g.24gb (0.0 GB weights in VRAM)
gpu: VRAM 16.81 GB free of 25.37 GB after init (kv 0.00 GB + scratch 0.00 GB this instance)
tc-tol: iqfix/m-IQ1_M.gguf | 192 tokens, 64 teacher-forced positions
  scalar-b64   TC dispatches: none
  scalar-b16   TC dispatches: none
  tc-b64       TC dispatches: IQ2_XXS=4 IQ1_M=20
  scalar-b16 vs scalar-b64 : mean|dlogit| 0.000000   (fp32 reassociation floor; context, not the gate)
  tc-b64     vs scalar-b64 : mean|dlogit| 0.000069 = 0.00003 of mean logit range 2.19 (limit 0.005)
  tc-b64     vs scalar-b64 : top1 diff 1/64 (1.6%, limit 5%), worst margin 0.0000 of range (limit 0.020)
  free-running   : 128 prompt tokens, 32 greedy tokens at batch 64 / ctx 4096 -> token-identical
tc-tol: ok
