gpu-split: budget=20.06GB fixed=0.54GB G=2/2 full=1 used=0.54GB
gpu: CUDA backend on NVIDIA RTX PRO 6000 Blackwell Max-Q Workstation Edition MIG 1g.24gb (0.0 GB weights in VRAM)
gpu: VRAM 20.05 GB free of 25.37 GB after init (kv 0.00 GB + scratch 0.00 GB this instance)
gpu-split: budget=20.06GB fixed=0.54GB G=2/2 full=1 used=0.54GB
gpu: CUDA backend on NVIDIA RTX PRO 6000 Blackwell Max-Q Workstation Edition MIG 1g.24gb (0.0 GB weights in VRAM)
gpu: VRAM 20.05 GB free of 25.37 GB after init (kv 0.00 GB + scratch 0.00 GB this instance)
gpu-split: budget=19.14GB fixed=0.54GB G=2/2 full=1 used=0.54GB
gpu: CUDA backend on NVIDIA RTX PRO 6000 Blackwell Max-Q Workstation Edition MIG 1g.24gb (0.0 GB weights in VRAM)
gpu: VRAM 19.13 GB free of 25.37 GB after init (kv 0.00 GB + scratch 0.00 GB this instance)
rope: requested ctx 4096 > training ctx 256 — applying YaRN x16.00
gpu-split: budget=20.85GB fixed=0.54GB G=2/2 full=1 used=0.55GB
gpu: CUDA backend on NVIDIA RTX PRO 6000 Blackwell Max-Q Workstation Edition MIG 1g.24gb (0.0 GB weights in VRAM)
gpu: VRAM 20.84 GB free of 25.37 GB after init (kv 0.00 GB + scratch 0.00 GB this instance)
rope: requested ctx 4096 > training ctx 256 — applying YaRN x16.00
gpu-split: budget=20.85GB fixed=0.54GB G=2/2 full=1 used=0.55GB
gpu: CUDA backend on NVIDIA RTX PRO 6000 Blackwell Max-Q Workstation Edition MIG 1g.24gb (0.0 GB weights in VRAM)
gpu: VRAM 20.84 GB free of 25.37 GB after init (kv 0.00 GB + scratch 0.00 GB this instance)
tc-tol: iqfix/m-IQ3_XXS.gguf | 192 tokens, 64 teacher-forced positions
  scalar-b64   TC dispatches: none
  scalar-b16   TC dispatches: none
  tc-b64       TC dispatches: IQ3_XXS=16 IQ3_S=4 IQ2_S=8
  scalar-b16 vs scalar-b64 : mean|dlogit| 0.000000   (fp32 reassociation floor; context, not the gate)
  tc-b64     vs scalar-b64 : mean|dlogit| 0.000144 = 0.00007 of mean logit range 2.07 (limit 0.005)
  tc-b64     vs scalar-b64 : top1 diff 0/64 (0.0%, limit 5%), worst margin 0.0000 of range (limit 0.020)
  free-running   : 128 prompt tokens, 32 greedy tokens at batch 64 / ctx 4096 -> token-identical
tc-tol: ok
