gpu-split: budget=15.69GB fixed=0.63GB G=40/40 full=1 used=1.58GB
gpu: CUDA backend on NVIDIA RTX PRO 6000 Blackwell Max-Q Workstation Edition MIG 1g.24gb (1.2 GB weights in VRAM)
gpu: VRAM 14.46 GB free of 25.37 GB after init (kv 0.02 GB + scratch 0.01 GB this instance)
gpu-split: budget=15.69GB fixed=0.63GB G=40/40 full=1 used=1.58GB
gpu: CUDA backend on NVIDIA RTX PRO 6000 Blackwell Max-Q Workstation Edition MIG 1g.24gb (1.2 GB weights in VRAM)
gpu: VRAM 14.46 GB free of 25.37 GB after init (kv 0.02 GB + scratch 0.01 GB this instance)
gpu-split: budget=15.69GB fixed=0.63GB G=40/40 full=1 used=1.58GB
gpu: CUDA backend on NVIDIA RTX PRO 6000 Blackwell Max-Q Workstation Edition MIG 1g.24gb (1.2 GB weights in VRAM)
gpu: VRAM 14.46 GB free of 25.37 GB after init (kv 0.02 GB + scratch 0.01 GB this instance)
gpu-split: budget=15.69GB fixed=0.67GB G=40/40 full=1 used=1.93GB
gpu: CUDA backend on NVIDIA RTX PRO 6000 Blackwell Max-Q Workstation Edition MIG 1g.24gb (1.2 GB weights in VRAM)
gpu: VRAM 14.10 GB free of 25.37 GB after init (kv 0.34 GB + scratch 0.05 GB this instance)
gpu-split: budget=15.69GB fixed=0.67GB G=40/40 full=1 used=1.93GB
gpu: CUDA backend on NVIDIA RTX PRO 6000 Blackwell Max-Q Workstation Edition MIG 1g.24gb (1.2 GB weights in VRAM)
gpu: VRAM 14.10 GB free of 25.37 GB after init (kv 0.34 GB + scratch 0.05 GB this instance)
tc-tol: /home/lab/workspace/models/granite-4.2/granite-4.2-3b-IQ2_XS.gguf | 192 tokens, 64 teacher-forced positions
  scalar-b64   TC dispatches: none
  scalar-b16   TC dispatches: none
  tc-b64       TC dispatches: Q4_K=80 IQ2_XS=470
  scalar-b16 vs scalar-b64 : mean|dlogit| 0.000000   (fp32 reassociation floor; context, not the gate)
  tc-b64     vs scalar-b64 : mean|dlogit| 0.003207 = 0.00012 of mean logit range 27.72 (limit 0.005)
  tc-b64     vs scalar-b64 : top1 diff 0/64 (0.0%, limit 5%), worst margin 0.0000 of range (limit 0.020)
  free-running   : 128 prompt tokens, 32 greedy tokens at batch 64 / ctx 4096 -> token-identical
tc-tol: ok
