gpu-split: budget=24.90GB fixed=0.63GB G=24/24 full=1 used=1.36GB
gpu: CUDA backend on NVIDIA RTX PRO 6000 Blackwell Max-Q Workstation Edition MIG 1g.24gb (0.8 GB weights in VRAM)
gpu: VRAM 24.06 GB free of 25.37 GB after init (kv 0.04 GB + scratch 0.01 GB this instance)
gpu-split: budget=24.90GB fixed=0.63GB G=24/24 full=1 used=1.36GB
gpu: CUDA backend on NVIDIA RTX PRO 6000 Blackwell Max-Q Workstation Edition MIG 1g.24gb (0.8 GB weights in VRAM)
gpu: VRAM 24.06 GB free of 25.37 GB after init (kv 0.04 GB + scratch 0.01 GB this instance)
gpu-split: budget=24.90GB fixed=0.63GB G=24/24 full=1 used=1.36GB
gpu: CUDA backend on NVIDIA RTX PRO 6000 Blackwell Max-Q Workstation Edition MIG 1g.24gb (0.8 GB weights in VRAM)
gpu: VRAM 24.06 GB free of 25.37 GB after init (kv 0.04 GB + scratch 0.01 GB this instance)
gpu-split: budget=24.90GB fixed=0.66GB G=24/24 full=1 used=2.16GB
gpu: CUDA backend on NVIDIA RTX PRO 6000 Blackwell Max-Q Workstation Edition MIG 1g.24gb (0.8 GB weights in VRAM)
gpu: VRAM 23.26 GB free of 25.37 GB after init (kv 0.81 GB + scratch 0.04 GB this instance)
gpu-split: budget=24.90GB fixed=0.66GB G=24/24 full=1 used=2.16GB
gpu: CUDA backend on NVIDIA RTX PRO 6000 Blackwell Max-Q Workstation Edition MIG 1g.24gb (0.8 GB weights in VRAM)
gpu: VRAM 23.26 GB free of 25.37 GB after init (kv 0.81 GB + scratch 0.04 GB this instance)
tc-tol: /home/lab/workspace/models/iq-archrows/smollm-IQ3_S.gguf | 192 tokens, 64 teacher-forced positions
  scalar-b64   TC dispatches: none
  scalar-b16   TC dispatches: none
  tc-b64       TC dispatches: IQ3_S=336
  scalar-b16 vs scalar-b64 : mean|dlogit| 0.000000   (fp32 reassociation floor; context, not the gate)
  tc-b64     vs scalar-b64 : mean|dlogit| 0.000754 = 0.00002 of mean logit range 36.40 (limit 0.005)
  tc-b64     vs scalar-b64 : top1 diff 0/64 (0.0%, limit 5%), worst margin 0.0000 of range (limit 0.020)
  free-running   : 128 prompt tokens, 32 greedy tokens at batch 64 / ctx 4096 -> token-identical
tc-tol: ok
