gpu-split: budget=24.90GB fixed=0.62GB G=24/24 full=1 used=1.08GB
gpu: CUDA backend on NVIDIA RTX PRO 6000 Blackwell Max-Q Workstation Edition MIG 1g.24gb (0.5 GB weights in VRAM)
gpu: VRAM 24.34 GB free of 25.37 GB after init (kv 0.04 GB + scratch 0.01 GB this instance)
gpu-split: budget=24.90GB fixed=0.62GB G=24/24 full=1 used=1.08GB
gpu: CUDA backend on NVIDIA RTX PRO 6000 Blackwell Max-Q Workstation Edition MIG 1g.24gb (0.5 GB weights in VRAM)
gpu: VRAM 24.34 GB free of 25.37 GB after init (kv 0.04 GB + scratch 0.01 GB this instance)
gpu-split: budget=24.90GB fixed=0.62GB G=24/24 full=1 used=1.08GB
gpu: CUDA backend on NVIDIA RTX PRO 6000 Blackwell Max-Q Workstation Edition MIG 1g.24gb (0.5 GB weights in VRAM)
gpu: VRAM 24.34 GB free of 25.37 GB after init (kv 0.04 GB + scratch 0.01 GB this instance)
gpu-split: budget=24.90GB fixed=0.65GB G=24/24 full=1 used=1.88GB
gpu: CUDA backend on NVIDIA RTX PRO 6000 Blackwell Max-Q Workstation Edition MIG 1g.24gb (0.5 GB weights in VRAM)
gpu: VRAM 23.54 GB free of 25.37 GB after init (kv 0.81 GB + scratch 0.04 GB this instance)
gpu-split: budget=24.90GB fixed=0.65GB G=24/24 full=1 used=1.88GB
gpu: CUDA backend on NVIDIA RTX PRO 6000 Blackwell Max-Q Workstation Edition MIG 1g.24gb (0.5 GB weights in VRAM)
gpu: VRAM 23.54 GB free of 25.37 GB after init (kv 0.81 GB + scratch 0.04 GB this instance)
tc-tol: /home/lab/workspace/models/iq-archrows/smollm-IQ2_XXS.gguf | 192 tokens, 64 teacher-forced positions
  scalar-b64   TC dispatches: none
  scalar-b16   TC dispatches: none
  tc-b64       TC dispatches: IQ2_XXS=282
  scalar-b16 vs scalar-b64 : mean|dlogit| 0.000000   (fp32 reassociation floor; context, not the gate)
  tc-b64     vs scalar-b64 : mean|dlogit| 0.002930 = 0.00011 of mean logit range 26.82 (limit 0.005)
  tc-b64     vs scalar-b64 : top1 diff 0/64 (0.0%, limit 5%), worst margin 0.0000 of range (limit 0.020)
  free-running   : 128 prompt tokens, 32 greedy tokens at batch 64 / ctx 4096 -> token-identical
tc-tol: ok
