gpu-split: budget=7.46GB fixed=0.66GB G=40/40 full=1 used=2.03GB
gpu: CUDA backend on NVIDIA GeForce RTX 3070 (1.7 GB weights in VRAM)
gpu: VRAM 5.74 GB free of 8.59 GB after init (kv 0.02 GB + scratch 0.01 GB this instance)
gpu-split: budget=7.46GB fixed=0.66GB G=40/40 full=1 used=2.03GB
gpu: CUDA backend on NVIDIA GeForce RTX 3070 (1.7 GB weights in VRAM)
gpu: VRAM 5.74 GB free of 8.59 GB after init (kv 0.02 GB + scratch 0.01 GB this instance)
gpu-split: budget=7.46GB fixed=0.66GB G=40/40 full=1 used=2.03GB
gpu: CUDA backend on NVIDIA GeForce RTX 3070 (1.7 GB weights in VRAM)
gpu: VRAM 5.74 GB free of 8.59 GB after init (kv 0.02 GB + scratch 0.01 GB this instance)
gpu-split: budget=7.46GB fixed=0.70GB G=40/40 full=1 used=2.39GB
gpu: CUDA backend on NVIDIA GeForce RTX 3070 (1.7 GB weights in VRAM)
gpu: VRAM 5.38 GB free of 8.59 GB after init (kv 0.34 GB + scratch 0.05 GB this instance)
gpu-split: budget=7.46GB fixed=0.70GB G=40/40 full=1 used=2.39GB
gpu: CUDA backend on NVIDIA GeForce RTX 3070 (1.7 GB weights in VRAM)
gpu: VRAM 5.38 GB free of 8.59 GB after init (kv 0.34 GB + scratch 0.05 GB this instance)
tc-tol: C:/Users/zen/models/granite-4.2-3b-IQ3_S.gguf | 192 tokens, 64 teacher-forced positions
  scalar-b64   TC dispatches: none
  scalar-b16   TC dispatches: none
  tc-b64       TC dispatches: Q4_K=80 IQ3_S=480
  scalar-b16 vs scalar-b64 : mean|dlogit| 0.000000   (fp32 reassociation floor; context, not the gate)
  tc-b64     vs scalar-b64 : mean|dlogit| 0.002384 = 0.00008 of mean logit range 29.22 (limit 0.005)
  tc-b64     vs scalar-b64 : top1 diff 0/64 (0.0%, limit 5%), worst margin 0.0000 of range (limit 0.020)
  free-running   : 128 prompt tokens, 32 greedy tokens at batch 64 / ctx 4096 -> token-identical
tc-tol: ok
