rope: phi3 LongRoPE short factors, mscale 1.1902
rope: phi3 LongRoPE short factors, mscale 1.1902
gpu-split: budget=24.90GB fixed=1.05GB G=32/32 full=1 used=2.46GB
gpu: CUDA backend on NVIDIA RTX PRO 6000 Blackwell Max-Q Workstation Edition MIG 1g.24gb (1.9 GB weights in VRAM)
gpu: VRAM 22.95 GB free of 25.37 GB after init (kv 0.03 GB + scratch 0.01 GB this instance)
rope: phi3 LongRoPE short factors, mscale 1.1902
gpu-split: budget=24.90GB fixed=1.05GB G=32/32 full=1 used=2.46GB
gpu: CUDA backend on NVIDIA RTX PRO 6000 Blackwell Max-Q Workstation Edition MIG 1g.24gb (1.9 GB weights in VRAM)
gpu: VRAM 22.95 GB free of 25.37 GB after init (kv 0.03 GB + scratch 0.01 GB this instance)
rope: phi3 LongRoPE short factors, mscale 1.1902
gpu-split: budget=24.90GB fixed=1.05GB G=32/32 full=1 used=2.46GB
gpu: CUDA backend on NVIDIA RTX PRO 6000 Blackwell Max-Q Workstation Edition MIG 1g.24gb (1.9 GB weights in VRAM)
gpu: VRAM 22.95 GB free of 25.37 GB after init (kv 0.03 GB + scratch 0.01 GB this instance)
rope: phi3 LongRoPE short factors, mscale 1.1902
gpu-split: budget=24.90GB fixed=1.08GB G=32/32 full=1 used=3.00GB
gpu: CUDA backend on NVIDIA RTX PRO 6000 Blackwell Max-Q Workstation Edition MIG 1g.24gb (1.9 GB weights in VRAM)
gpu: VRAM 22.42 GB free of 25.37 GB after init (kv 0.54 GB + scratch 0.03 GB this instance)
rope: phi3 LongRoPE short factors, mscale 1.1902
gpu-split: budget=24.90GB fixed=1.08GB G=32/32 full=1 used=3.00GB
gpu: CUDA backend on NVIDIA RTX PRO 6000 Blackwell Max-Q Workstation Edition MIG 1g.24gb (1.9 GB weights in VRAM)
gpu: VRAM 22.42 GB free of 25.37 GB after init (kv 0.54 GB + scratch 0.03 GB this instance)
tc-tol: /home/lab/workspace/models/iq-archrows/phi3-IQ3_S.gguf | 192 tokens, 64 teacher-forced positions
  scalar-b64   TC dispatches: none
  scalar-b16   TC dispatches: none
  tc-b64       TC dispatches: IQ3_S=448
  scalar-b16 vs scalar-b64 : mean|dlogit| 0.000000   (fp32 reassociation floor; context, not the gate)
  tc-b64     vs scalar-b64 : mean|dlogit| 0.010238 = 0.00024 of mean logit range 42.63 (limit 0.005)
  tc-b64     vs scalar-b64 : top1 diff 2/64 (3.1%, limit 5%), worst margin 0.0004 of range (limit 0.020)
  free-running   : 128 prompt tokens, 32 greedy tokens at batch 64 / ctx 4096 -> token-identical
tc-tol: ok
