gpu-split: budget=19.14GB fixed=0.66GB G=40/40 full=1 used=1.65GB
gpu: CUDA backend on NVIDIA RTX PRO 6000 Blackwell Max-Q Workstation Edition MIG 1g.24gb (1.3 GB weights in VRAM)
gpu: VRAM 17.83 GB free of 25.37 GB after init (kv 0.02 GB + scratch 0.01 GB this instance)
gpu-split: budget=20.06GB fixed=0.66GB G=40/40 full=1 used=1.65GB
gpu: CUDA backend on NVIDIA RTX PRO 6000 Blackwell Max-Q Workstation Edition MIG 1g.24gb (1.3 GB weights in VRAM)
gpu: VRAM 18.75 GB free of 25.37 GB after init (kv 0.02 GB + scratch 0.01 GB this instance)
gpu-split: budget=20.06GB fixed=0.66GB G=40/40 full=1 used=1.65GB
gpu: CUDA backend on NVIDIA RTX PRO 6000 Blackwell Max-Q Workstation Edition MIG 1g.24gb (1.3 GB weights in VRAM)
gpu: VRAM 18.75 GB free of 25.37 GB after init (kv 0.02 GB + scratch 0.01 GB this instance)
gpu-split: budget=20.06GB fixed=0.70GB G=40/40 full=1 used=2.01GB
gpu: CUDA backend on NVIDIA RTX PRO 6000 Blackwell Max-Q Workstation Edition MIG 1g.24gb (1.3 GB weights in VRAM)
gpu: VRAM 18.40 GB free of 25.37 GB after init (kv 0.34 GB + scratch 0.05 GB this instance)
gpu-split: budget=20.06GB fixed=0.70GB G=40/40 full=1 used=2.01GB
gpu: CUDA backend on NVIDIA RTX PRO 6000 Blackwell Max-Q Workstation Edition MIG 1g.24gb (1.3 GB weights in VRAM)
gpu: VRAM 18.40 GB free of 25.37 GB after init (kv 0.34 GB + scratch 0.05 GB this instance)
tc-tol: /home/lab/workspace/models/granite-4.2/granite-4.2-3b-IQ2_S.gguf | 192 tokens, 64 teacher-forced positions
  scalar-b64   TC dispatches: none
  scalar-b16   TC dispatches: none
  tc-b64       TC dispatches: Q4_K=80 IQ2_XS=390 IQ3_S=90
  scalar-b16 vs scalar-b64 : mean|dlogit| 0.000000   (fp32 reassociation floor; context, not the gate)
  tc-b64     vs scalar-b64 : mean|dlogit| 0.003135 = 0.00011 of mean logit range 29.81 (limit 0.005)
  tc-b64     vs scalar-b64 : top1 diff 1/64 (1.6%, limit 5%), worst margin 0.0001 of range (limit 0.020)
  free-running   : 128 prompt tokens, 32 greedy tokens at batch 64 / ctx 4096 -> token-identical
tc-tol: ok
