gpu-split: budget=25.13GB fixed=0.63GB G=24/24 full=1 used=1.64GB
gpu: CUDA backend on NVIDIA RTX PRO 6000 Blackwell Max-Q Workstation Edition MIG 1g.24gb (1.1 GB weights in VRAM)
gpu: VRAM 24.01 GB free of 25.37 GB after init (kv 0.04 GB + scratch 0.01 GB this instance)
gpu-split: budget=25.13GB fixed=0.63GB G=24/24 full=1 used=1.64GB
gpu: CUDA backend on NVIDIA RTX PRO 6000 Blackwell Max-Q Workstation Edition MIG 1g.24gb (1.1 GB weights in VRAM)
gpu: VRAM 24.01 GB free of 25.37 GB after init (kv 0.04 GB + scratch 0.01 GB this instance)
gpu-split: budget=25.13GB fixed=0.63GB G=24/24 full=1 used=1.64GB
gpu: CUDA backend on NVIDIA RTX PRO 6000 Blackwell Max-Q Workstation Edition MIG 1g.24gb (1.1 GB weights in VRAM)
gpu: VRAM 24.01 GB free of 25.37 GB after init (kv 0.04 GB + scratch 0.01 GB this instance)
gpu-split: budget=25.13GB fixed=0.66GB G=24/24 full=1 used=2.44GB
gpu: CUDA backend on NVIDIA RTX PRO 6000 Blackwell Max-Q Workstation Edition MIG 1g.24gb (1.1 GB weights in VRAM)
gpu: VRAM 23.22 GB free of 25.37 GB after init (kv 0.81 GB + scratch 0.04 GB this instance)
gpu-split: budget=25.13GB fixed=0.66GB G=24/24 full=1 used=2.44GB
gpu: CUDA backend on NVIDIA RTX PRO 6000 Blackwell Max-Q Workstation Edition MIG 1g.24gb (1.1 GB weights in VRAM)
gpu: VRAM 23.22 GB free of 25.37 GB after init (kv 0.81 GB + scratch 0.04 GB this instance)
tc-tol: /home/lab/workspace/models/SmolLM2-1.7B-Instruct-Q4_K_M/SmolLM2-1.7B-Instruct-Q4_K_M.gguf | 192 tokens, 64 teacher-forced positions
  scalar-b64   TC dispatches: none
  scalar-b16   TC dispatches: none
  tc-b64       TC dispatches: Q4_K=288 Q6_K=48
  scalar-b16 vs scalar-b64 : mean|dlogit| 0.000000   (fp32 reassociation floor; context, not the gate)
  tc-b64     vs scalar-b64 : mean|dlogit| 0.001618 = 0.00005 of mean logit range 35.15 (limit 0.005)
  tc-b64     vs scalar-b64 : top1 diff 1/64 (1.6%, limit 5%), worst margin 0.0000 of range (limit 0.020)
  free-running   : 128 prompt tokens, 32 greedy tokens at batch 64 / ctx 4096 -> token-identical
tc-tol: ok
