gpu-split: budget=7.46GB fixed=0.78GB G=40/40 full=1 used=5.30GB
gpu: CUDA backend on NVIDIA GeForce RTX 3070 (5.1 GB weights in VRAM)
gpu: VRAM 2.34 GB free of 8.59 GB after init (kv 0.03 GB + scratch 0.01 GB this instance)
gpu-split: budget=7.46GB fixed=0.78GB G=40/40 full=1 used=5.30GB
gpu: CUDA backend on NVIDIA GeForce RTX 3070 (5.1 GB weights in VRAM)
gpu: VRAM 2.34 GB free of 8.59 GB after init (kv 0.03 GB + scratch 0.01 GB this instance)
gpu-split: budget=7.46GB fixed=0.78GB G=40/40 full=1 used=5.30GB
gpu: CUDA backend on NVIDIA GeForce RTX 3070 (5.1 GB weights in VRAM)
gpu: VRAM 2.34 GB free of 8.59 GB after init (kv 0.03 GB + scratch 0.01 GB this instance)
gpu-split: budget=7.46GB fixed=0.81GB G=40/40 full=1 used=5.97GB
gpu: CUDA backend on NVIDIA GeForce RTX 3070 (5.1 GB weights in VRAM)
gpu: VRAM 1.36 GB free of 8.59 GB after init (kv 0.67 GB + scratch 0.05 GB this instance)
gpu-split: budget=7.46GB fixed=0.81GB G=40/40 full=1 used=5.97GB
gpu: CUDA backend on NVIDIA GeForce RTX 3070 (5.1 GB weights in VRAM)
gpu: VRAM 1.67 GB free of 8.59 GB after init (kv 0.67 GB + scratch 0.05 GB this instance)
tc-tol: C:/Users/zen/granite-4.1-8b-Q4_0.gguf | 192 tokens, 64 teacher-forced positions
  scalar-b64   TC dispatches: none
  scalar-b16   TC dispatches: none
  tc-b64       TC dispatches: Q4_0=560
  scalar-b16 vs scalar-b64 : mean|dlogit| 0.000000   (fp32 reassociation floor; context, not the gate)
  tc-b64     vs scalar-b64 : mean|dlogit| 0.001213 = 0.00004 of mean logit range 33.80 (limit 0.005)
  tc-b64     vs scalar-b64 : top1 diff 0/64 (0.0%, limit 5%), worst margin 0.0000 of range (limit 0.020)
  free-running   : 128 prompt tokens, 32 greedy tokens at batch 64 / ctx 4096 -> token-identical
tc-tol: ok
