rope: linear scaling x8.00 (model metadata)
rope: linear scaling x8.00 (model metadata)
gpu-split: budget=24.90GB fixed=1.10GB G=34/34 full=1 used=2.50GB
gpu: CUDA backend on NVIDIA RTX PRO 6000 Blackwell Max-Q Workstation Edition MIG 1g.24gb (1.9 GB weights in VRAM)
gpu: VRAM 22.91 GB free of 25.37 GB after init (kv 0.03 GB + scratch 0.01 GB this instance)
rope: linear scaling x8.00 (model metadata)
gpu-split: budget=24.90GB fixed=1.10GB G=34/34 full=1 used=2.50GB
gpu: CUDA backend on NVIDIA RTX PRO 6000 Blackwell Max-Q Workstation Edition MIG 1g.24gb (1.9 GB weights in VRAM)
gpu: VRAM 22.91 GB free of 25.37 GB after init (kv 0.03 GB + scratch 0.01 GB this instance)
rope: linear scaling x8.00 (model metadata)
gpu-split: budget=24.90GB fixed=1.10GB G=34/34 full=1 used=2.50GB
gpu: CUDA backend on NVIDIA RTX PRO 6000 Blackwell Max-Q Workstation Edition MIG 1g.24gb (1.9 GB weights in VRAM)
gpu: VRAM 22.91 GB free of 25.37 GB after init (kv 0.03 GB + scratch 0.01 GB this instance)
rope: linear scaling x8.00 (model metadata)
gpu-split: budget=24.90GB fixed=1.11GB G=34/34 full=1 used=3.05GB
gpu: CUDA backend on NVIDIA RTX PRO 6000 Blackwell Max-Q Workstation Edition MIG 1g.24gb (1.9 GB weights in VRAM)
gpu: VRAM 22.36 GB free of 25.37 GB after init (kv 0.57 GB + scratch 0.02 GB this instance)
rope: linear scaling x8.00 (model metadata)
gpu-split: budget=24.90GB fixed=1.11GB G=34/34 full=1 used=3.05GB
gpu: CUDA backend on NVIDIA RTX PRO 6000 Blackwell Max-Q Workstation Edition MIG 1g.24gb (1.9 GB weights in VRAM)
gpu: VRAM 22.36 GB free of 25.37 GB after init (kv 0.57 GB + scratch 0.02 GB this instance)
tc-tol: /home/lab/workspace/models/iq-archrows/gemma3-IQ3_S.gguf | 192 tokens, 64 teacher-forced positions
  scalar-b64   TC dispatches: none
  scalar-b16   TC dispatches: none
  tc-b64       TC dispatches: IQ3_S=476
  scalar-b16 vs scalar-b64 : mean|dlogit| 0.000000   (fp32 reassociation floor; context, not the gate)
  tc-b64     vs scalar-b64 : mean|dlogit| 0.002073 = 0.00006 of mean logit range 32.74 (limit 0.005)
  tc-b64     vs scalar-b64 : top1 diff 0/64 (0.0%, limit 5%), worst margin 0.0000 of range (limit 0.020)
  free-running   : 128 prompt tokens, 32 greedy tokens at batch 64 / ctx 4096 -> token-identical
tc-tol: ok
