gpu-split: budget=25.13GB fixed=0.99GB G=40/40 full=1 used=8.49GB
gpu: CUDA backend on NVIDIA RTX PRO 6000 Blackwell Max-Q Workstation Edition MIG 1g.24gb (8.5 GB weights in VRAM)
gpu: VRAM 16.51 GB free of 25.37 GB after init (kv 0.03 GB + scratch 0.02 GB this instance)
gpu-split: budget=25.13GB fixed=0.99GB G=40/40 full=1 used=8.49GB
gpu: CUDA backend on NVIDIA RTX PRO 6000 Blackwell Max-Q Workstation Edition MIG 1g.24gb (8.5 GB weights in VRAM)
gpu: VRAM 16.51 GB free of 25.37 GB after init (kv 0.03 GB + scratch 0.02 GB this instance)
gpu-split: budget=25.13GB fixed=0.99GB G=40/40 full=1 used=8.49GB
gpu: CUDA backend on NVIDIA RTX PRO 6000 Blackwell Max-Q Workstation Edition MIG 1g.24gb (8.5 GB weights in VRAM)
gpu: VRAM 16.51 GB free of 25.37 GB after init (kv 0.03 GB + scratch 0.02 GB this instance)
gpu-split: budget=25.13GB fixed=1.03GB G=40/40 full=1 used=9.16GB
gpu: CUDA backend on NVIDIA RTX PRO 6000 Blackwell Max-Q Workstation Edition MIG 1g.24gb (8.5 GB weights in VRAM)
gpu: VRAM 15.83 GB free of 25.37 GB after init (kv 0.67 GB + scratch 0.06 GB this instance)
gpu-split: budget=25.13GB fixed=1.03GB G=40/40 full=1 used=9.16GB
gpu: CUDA backend on NVIDIA RTX PRO 6000 Blackwell Max-Q Workstation Edition MIG 1g.24gb (8.5 GB weights in VRAM)
gpu: VRAM 15.83 GB free of 25.37 GB after init (kv 0.67 GB + scratch 0.06 GB this instance)
tc-tol: /home/lab/workspace/models/Hermes-4-14B-Q4_0/NousResearch_Hermes-4-14B-Q4_0.gguf | 192 tokens, 64 teacher-forced positions
  scalar-b64   TC dispatches: none
  scalar-b16   TC dispatches: none
  tc-b64       TC dispatches: Q4_0=550
  scalar-b16 vs scalar-b64 : mean|dlogit| 0.000000   (fp32 reassociation floor; context, not the gate)
  tc-b64     vs scalar-b64 : mean|dlogit| 0.001623 = 0.00004 of mean logit range 42.86 (limit 0.005)
  tc-b64     vs scalar-b64 : top1 diff 0/64 (0.0%, limit 5%), worst margin 0.0000 of range (limit 0.020)
  free-running   : 128 prompt tokens, 32 greedy tokens at batch 64 / ctx 4096 -> token-identical
tc-tol: ok
